Script started on Fri Feb  6 14:52:56 2015
sunair 1% R

R version 3.1.2 (2014-10-31) -- "Pumpkin Helmet"
Copyright (C) 2014 The R Foundation for Statistical Computing
Platform: x86_64-apple-darwin10.8.0 (64-bit)

R is free software and comes with ABSOLUTELY NO WARRANTY.
You are welcome to redistribute it under certain conditions.
Type 'license()' or 'licence()' for distribution details.

  Natural language support but running in an English locale

R is a collaborative project with many contributors.
Type 'contributors()' for more information and
'citation()' on how to cite R or R packages in publications.

Type 'demo()' for some demos, 'help()' for on-line help, or
'help.start()' for an HTML browser interface to help.
Type 'q()' to quit R.

[1m[Previously saved workspace restored]

[0m[?1034h> q()[K[K[Khistory()
[?1049h[?1h=summary(as.factor(y))
attach(y)
y
names(y)
image(y)
image(as.matrix(y))
y[1:10,]
z=y
for (i in 1:7) z[,i][z[,i]=1]=yes
for (i in 1:7) z[,i][z[,i]==1]=yes
for (i in 1:7) z[,i][z[,i]==1]="yes"
z
summary(z)
for (i in 1:7) z[,i]=as.factor(z[,i]) 
summary(z)
x
?image
dim(x)
x1=1:102;x2=1:7
image(x1,x2,x)
?image
image(x1,x2,as.matrix(x))
x
x[x>5]
q()
history()

:[K[K[?1l>[?1049l> par(mfrow=c(2,8))
> for (i in1[K 1:7) hist(x[,i])
> for (i in 1:7) hist(x[,i])[C[C[9Ppar(mfrow=c(2,8))[1P,8))2,8))[1P,8))3,8))[C[C[1P))3))
> par(mfrow=c(3,3))[C[Cfor (i in 1:7) hist(x[,i]),)x)l)a)b)=)")[1m
[0m> names(x)
[1] "epid"    "crowd"   "evaluat" "datamin" "social"  "knowl"   "quality"
> xma[K[Kname=names(x)
> xname[1]
[1] "epid"
> xname[1]=names(x)[C[C[6Pnames(x)[C[Cpar(mfrow=c(3,3))[C[Cfor (i in 1:7) hist(x[,i]),)x)l)a)b)=)x)n)a)m)e)[)i)])
> for (i in 1:7) hist(x[,i],xlab=xname[i])[C;title="Hist")[K}{hist(x[,i],xlab=xname[i]);title="Hist"}[C[C[C[C[C[C[C[C[C[C[C[C[C[C[C[C[C[C
> for (i in 1:7) {hist(x[,i],xlab=xname[i]);title="Hist"}[1P;title="Hist"}[C[1Ptitle="Hist"},title="Hist"}mtitle="Hist"}atitle="Hist"}ititle="Hist"}ntitle="Hist"}[C[C[C[C[C[1P="Hist"}[1P="Hist"}[1P="Hist"}[1P="Hist"}[1P="Hist"}[C[C[C[C[C[C
[1mError: unexpected '}' in "for (i in 1:7) {hist(x[,i],xlab=xname[i],main="Hist"}"
[0m> for (i in 1:7) {hist(x[,i],xlab=xname[i],main="Hist"}[1P}[1P}[1P}[1P}[1P}[1P}[1P}[1P}[1P}[1P}[1P}[1P})}
> for (i in 1:7) {hist(x[,i],xlab=xname[i])},main="Hist"});title="Hist"}[C[C[C[C[C[C[C[C[C[C[C[C[C[C[C[C[C[15Phist(x[,i],xlab=xname[i])[C[Cxname[1][K=names(x)[C[C[6Pnames(x)[C[Cpar(mfrow=c(3,3))
> par(mfrow=c(3,3))[C[Cfor (i in 1:7) {hist(x[,i],xlab=xname[i])}
> x[x>1900]
[1] 2145
> apply[K[K[K[K[Kapp[K[K[Kapply([C[C[Kz[Kw=apply(as.matrix(x),1,sum)
> w
  [1]   23   77   48    3   19    3   54   17    9    4   47   12    8   67    6
 [16]   42    1   37   86   63   58   85  102  178   97  140   31   76   28  290
 [31]   29   81  122   58    7    6  106   21  151    6   18  147   14  128   46
 [46]   10  235    5   15    6 2205    8    9    3   44    0  146   43  148   93
 [61]   14    9   21   26  133   28   56   39   65   41   27    8   33   84   31
 [76]   51    6  139   14    5   72   16   68  113   22    3   10    5   11    0
 [91]    6   20   10   30   22   17   31   51    7  124    6   57
> w=apply(as.matrix(x),1,sum)[1P),1,sum)y),1,sum)
> w
  [1] 3 6 4 2 4 2 6 2 5 3 6 3 3 6 5 4 1 5 7 4 5 5 6 6 5 7 4 5 5 7 5 7 7 5 2 3 6
 [38] 3 6 3 5 6 5 6 5 4 5 2 2 3 7 3 5 2 5 0 5 4 7 4 4 2 6 4 6 3 3 5 7 4 6 2 6 6
 [75] 7 7 2 5 4 4 6 5 7 7 4 2 3 2 3 0 2 6 3 4 4 5 4 6 3 6 3 4
> sum([C[C[Klength(w[w=7])
[1] 1
> length(w[w=7])=7])
[1] 12
> x
    epid crowd evaluat datamin social knowl quality
1      7     0       0       1      0    15       0
2     29    26       1       2     10     9       0
3     27    16       2       0      0     3       0
4      0     1       0       0      0     2       0
5      7     8       0       0      0     3       1
6      2     0       0       0      0     0       1
7     17    18      11       1      0     5       2
8      7    10       0       0      0     0       0
9      2     0       0       1      3     2       1
10     0     2       1       1      0     0       0
11     0     4      17       3      2    10      11
12     0     7       0       1      0     4       0
13     3     4       0       0      0     1       0
14     0    24      28       4      1     3       7
15     0     2       1       1      0     1       1
16     1     0       0       1     13    27       0
17     0     1       0       0      0     0       0
18     7     0       1       7      1    21       0
19    11    20      21       2     17    12       3
20    27    16       0       0     14     6       0
21    44    10       0       1      0     1       2
22    21    49       0       1      8     6       0
23     5    79       1       3      0    10       4
24    63    89       2      13      3     8       0
25    25    33      28       0      0    10       1
26    24    95       5       2      2    11       1
27     9    16       1       0      0     5       0
28    26    21      19       1      0     9       0
29    14     3       8       0      0     2       1
30   107   130      11      23      2    13       4
31     2     7       0       9      0    10       1
32    17    13      34       4      5     3       5
33    24    70       1       2      8    16       1
34    31    13       6       0      0     7       1
35     0     5       0       0      2     0       0
36     3     2       0       0      1     0       0
37    12    45      40       1      0     6       2
38    12     7       0       0      0     2       0
39    33    22       7       2      0    84       3
40     0     4       1       0      0     0       1
41     9     0       2       1      3     3       0
42    29    22       7       7      0    79       3
43     2     3       3       0      1     5       0
44    25    38      14       1      0    47       3
45    22     2      17       1      0     4       0
46     4     4       0       1      0     1       0
47    60    13       2     150      0    10       0
48     0     0       1       0      0     4       0
49     5     0       0       0      0    10       0
50     0     3       0       1      0     2       0
51  2145     9       4      17      8    21       1
52     4     1       3       0      0     0       0
53     2     1       1       4      0     1       0
54     0     2       0       0      1     0       0
55     7     5       1       3      0    28       0
56     0     0       0       0      0     0       0
57    32    79       0       4      1    30       0
58    16     6       0       1     20     0       0
59    87    12      25      13      1     7       3
60    83     3       0       0      1     6       0
61     0     1       7       4      2     0       0
62     8     1       0       0      0     0       0
63     4     1       9       2      0     4       1
64     7    15       1       0      0     3       0
65    60    38       7      17      2     9       0
66     5    21       0       0      0     2       0
67    45     2       0       0      0     9       0
68    10     4      19       3      0     3       0
69     1     4       1      27     16    14       2
70    20    18       0       0      0     2       1
71     2     5       8       2      0     8       2
72     7     1       0       0      0     0       0
73    13     9       3       3      0     3       2
74     0    20      15      10      7    29       3
75    12     5       3       2      1     7       1
76    18    19       1       5      2     5       1
77     0     4       0       0      0     2       0
78    37    73       0       6      0    22       1
79     0     5       0       4      2     3       0
80     0     1       1       0      1     2       0
81     1    26       3      35      0     4       3
82     0     2       1       5      7     1       0
83    21    24      13       2      2     3       3
84     4     6      90       6      1     3       3
85     3     0      11       0      5     3       0
86     2     0       0       0      0     1       0
87     4     4       0       0      2     0       0
88     4     0       0       1      0     0       0
89     2     0       0       1      0     8       0
90     0     0       0       0      0     0       0
91     1     5       0       0      0     0       0
92     2     2       1      10      0     4       1
93     7     1       0       0      0     2       0
94     6    21       0       0      1     2       0
95    10    10       0       1      0     1       0
96     3     5       1       0      0     5       3
97    12     1       0       1      0    17       0
98     0    25       5      16      3     1       1
99     0     0       0       3      0     2       2
100   27    55      21       5      3    13       0
101    0     2       0       3      1     0       0
102   43     2       0       6      6     0       0
> q()
Save workspace image? [y/n/c]: n
sunair 2% exit
exit

Script done on Fri Feb  6 15:28:22 2015
